#-----------------------------------------------------------
# Vivado v2024.2.1 (64-bit)
# SW Build 5266912 on Sun Dec 15 09:03:31 MST 2024
# IP Build 5264866 on Sun Dec 15 16:27:47 MST 2024
# SharedData Build 5264680 on Wed Dec 11 12:48:36 MST 2024
# Start of session at: Tue Mar  4 10:03:22 2025
# Process ID         : 31423
# Current directory  : /home/kmarty/Documents/INSA/4A/VHDL/Exercices/ALU/ALU.runs/synth_1
# Command line       : vivado -log ALU_tb.vds -product Vivado -mode batch -messageDb vivado.pb -notrace -source ALU_tb.tcl
# Log file           : /home/kmarty/Documents/INSA/4A/VHDL/Exercices/ALU/ALU.runs/synth_1/ALU_tb.vds
# Journal file       : /home/kmarty/Documents/INSA/4A/VHDL/Exercices/ALU/ALU.runs/synth_1/vivado.jou
# Running On         : pckillian
# Platform           : Debian
# Operating System   : Debian GNU/Linux 12 (bookworm)
# Processor Detail   : AMD Ryzen 7 8845HS w/ Radeon 780M Graphics
# CPU Frequency      : 4868.971 MHz
# CPU Physical cores : 8
# CPU Logical cores  : 16
# Host memory        : 29218 MB
# Swap memory        : 0 MB
# Total Virtual      : 29218 MB
# Available Virtual  : 23483 MB
#-----------------------------------------------------------
source ALU_tb.tcl -notrace
